=> Starting gf with custom -path flag...
                              
         *  *  *              
      *           *           
    *               *         
   *                          
   *                          
   *        * * * * * *       
   *        *         *       
    *       * * * *  *        
      *     *      *          
         *  *  *              
                              
This is GF version 3.2. 
License: see help -license.   
Bug reports: http://code.google.com/p/grammatical-framework/issues/list


Languages:
> 28 msec
> 4 msec
> 4 msec
> 0 msec
> 8 msec
> + reading /home/john/Documents/MOLTO/GF (Darcs Repository)/lib/src/abstract/Common.gfo
+ reading /home/john/Documents/MOLTO/GF (Darcs Repository)/lib/src/abstract/Cat.gfo
+ reading /home/john/Documents/MOLTO/GF (Darcs Repository)/lib/src/abstract/Noun.gfo
+ reading /home/john/Documents/MOLTO/GF (Darcs Repository)/lib/src/abstract/Verb.gfo
+ reading /home/john/Documents/MOLTO/GF (Darcs Repository)/lib/src/abstract/Adjective.gfo
+ reading /home/john/Documents/MOLTO/GF (Darcs Repository)/lib/src/abstract/Adverb.gfo
+ reading /home/john/Documents/MOLTO/GF (Darcs Repository)/lib/src/abstract/Numeral.gfo
+ reading /home/john/Documents/MOLTO/GF (Darcs Repository)/lib/src/abstract/Sentence.gfo
+ reading /home/john/Documents/MOLTO/GF (Darcs Repository)/lib/src/abstract/Question.gfo
+ reading /home/john/Documents/MOLTO/GF (Darcs Repository)/lib/src/abstract/Relative.gfo
+ reading /home/john/Documents/MOLTO/GF (Darcs Repository)/lib/src/abstract/Conjunction.gfo
+ reading /home/john/Documents/MOLTO/GF (Darcs Repository)/lib/src/abstract/Phrase.gfo
+ reading /home/john/Documents/MOLTO/GF (Darcs Repository)/lib/src/abstract/Text.gfo
+ reading /home/john/Documents/MOLTO/GF (Darcs Repository)/lib/src/abstract/Structural.gfo
+ reading /home/john/Documents/MOLTO/GF (Darcs Repository)/lib/src/abstract/Idiom.gfo
+ reading /home/john/Documents/MOLTO/GF (Darcs Repository)/lib/src/abstract/Tense.gfo
+ reading /home/john/Documents/MOLTO/GF (Darcs Repository)/lib/src/abstract/NumeralTransfer.gfo
+ reading /home/john/Documents/MOLTO/GF (Darcs Repository)/lib/src/abstract/Transfer.gfo
+ reading /home/john/Documents/MOLTO/GF (Darcs Repository)/lib/src/abstract/Grammar.gfo
+ reading /home/john/Documents/MOLTO/GF (Darcs Repository)/lib/src/abstract/Lexicon.gfo
+ reading /home/john/Documents/MOLTO/GF (Darcs Repository)/lib/src/abstract/Lang.gfo
+ reading /home/john/Documents/MOLTO/Maltese RGL/maltese/IrregMltAbs.gfo
+ reading /home/john/Documents/MOLTO/Maltese RGL/maltese/ExtraMltAbs.gfo
+ reading /home/john/Documents/MOLTO/Maltese RGL/maltese/AllMltAbs.gfo
+ reading /home/john/Documents/MOLTO/GF (Darcs Repository)/lib/src/prelude/Predef.gfo
+ reading /home/john/Documents/MOLTO/GF (Darcs Repository)/lib/src/prelude/Prelude.gfo
+ reading /home/john/Documents/MOLTO/GF (Darcs Repository)/lib/src/common/ParamX.gfo
+ reading /home/john/Documents/MOLTO/GF (Darcs Repository)/lib/src/common/CommonX.gfo
+ reading /home/john/Documents/MOLTO/Maltese RGL/maltese/PatternsMlt.gfo
+ reading /home/john/Documents/MOLTO/Maltese RGL/maltese/ResMlt.gfo
+ reading /home/john/Documents/MOLTO/Maltese RGL/maltese/CatMlt.gfo
- compiling /home/john/Documents/MOLTO/Maltese RGL/maltese/NounMlt.gf... checking module NounMlt
   Warning: no linearization of AdNum
   Warning: no linearization of AdjCN
   Warning: no linearization of AdvCN
   Warning: no linearization of AdvNP
   Warning: no linearization of ApposCN
   Warning: no linearization of ComplN2
   Warning: no linearization of ComplN3
   Warning: no linearization of DefArt
   Warning: no linearization of DetCN
   Warning: no linearization of DetNP
   Warning: no linearization of DetQuant
   Warning: no linearization of DetQuantOrd
   Warning: no linearization of IndefArt
   Warning: no linearization of MassNP
   Warning: no linearization of NumCard
   Warning: no linearization of NumDigits
   Warning: no linearization of NumNumeral
   Warning: no linearization of NumPl
   Warning: no linearization of NumSg
   Warning: no linearization of OrdDigits
   Warning: no linearization of OrdNumeral
   Warning: no linearization of OrdSuperl
   Warning: no linearization of PPartNP
   Warning: no linearization of PossPron
   Warning: no linearization of PredetNP
   Warning: no linearization of RelCN
   Warning: no linearization of RelNP
   Warning: no linearization of SentCN
   Warning: no linearization of Use2N3
   Warning: no linearization of Use3N3
   Warning: no linearization of UseN
   Warning: no linearization of UseN2
   Warning: no linearization of UsePN
   Warning: no linearization of UsePron
  wrote file /home/john/Documents/MOLTO/Maltese RGL/maltese/NounMlt.gfo
- compiling /home/john/Documents/MOLTO/Maltese RGL/maltese/VerbMlt.gf... checking module VerbMlt
   Warning: no linearization of AdVVP
   Warning: no linearization of AdVVPSlash
   Warning: no linearization of AdvVP
   Warning: no linearization of AdvVPSlash
   Warning: no linearization of CompAP
   Warning: no linearization of CompAdv
   Warning: no linearization of CompCN
   Warning: no linearization of CompNP
   Warning: no linearization of ComplSlash
   Warning: no linearization of ComplVA
   Warning: no linearization of ComplVQ
   Warning: no linearization of ComplVS
   Warning: no linearization of ComplVV
   Warning: no linearization of PassV2
   Warning: no linearization of ReflVP
   Warning: no linearization of Slash2V3
   Warning: no linearization of Slash3V3
   Warning: no linearization of SlashV2A
   Warning: no linearization of SlashV2Q
   Warning: no linearization of SlashV2S
   Warning: no linearization of SlashV2V
   Warning: no linearization of SlashV2VNP
   Warning: no linearization of SlashV2a
   Warning: no linearization of SlashVV
   Warning: no linearization of UseComp
   Warning: no linearization of UseCopula
   Warning: no linearization of UseV
  wrote file /home/john/Documents/MOLTO/Maltese RGL/maltese/VerbMlt.gfo
- compiling /home/john/Documents/MOLTO/Maltese RGL/maltese/AdjectiveMlt.gf... checking module AdjectiveMlt
   Warning: no linearization of AdAP
   Warning: no linearization of AdjOrd
   Warning: no linearization of AdvAP
   Warning: no linearization of CAdvAP
   Warning: no linearization of ComparA
   Warning: no linearization of ComplA2
   Warning: no linearization of PositA
   Warning: no linearization of ReflA2
   Warning: no linearization of SentAP
   Warning: no linearization of UseA2
   Warning: no linearization of UseComparA
  wrote file /home/john/Documents/MOLTO/Maltese RGL/maltese/AdjectiveMlt.gfo
- compiling /home/john/Documents/MOLTO/Maltese RGL/maltese/AdverbMlt.gf... checking module AdverbMlt
   Warning: no linearization of AdAdv
   Warning: no linearization of AdnCAdv
   Warning: no linearization of ComparAdvAdj
   Warning: no linearization of ComparAdvAdjS
   Warning: no linearization of PositAdAAdj
   Warning: no linearization of PositAdvAdj
   Warning: no linearization of PrepNP
   Warning: no linearization of SubjS
  wrote file /home/john/Documents/MOLTO/Maltese RGL/maltese/AdverbMlt.gfo
+ reading /home/john/Documents/MOLTO/Maltese RGL/maltese/NumeralMlt.gfo
- compiling /home/john/Documents/MOLTO/Maltese RGL/maltese/SentenceMlt.gf... checking module SentenceMlt
   Warning: no linearization of AdvS
   Warning: no linearization of AdvSlash
   Warning: no linearization of EmbedQS
   Warning: no linearization of EmbedS
   Warning: no linearization of EmbedVP
   Warning: no linearization of ImpVP
   Warning: no linearization of PredSCVP
   Warning: no linearization of PredVP
   Warning: no linearization of RelS
   Warning: no linearization of SSubjS
   Warning: no linearization of SlashPrep
   Warning: no linearization of SlashVP
   Warning: no linearization of SlashVS
   Warning: no linearization of UseCl
   Warning: no linearization of UseQCl
   Warning: no linearization of UseRCl
   Warning: no linearization of UseSlash
  wrote file /home/john/Documents/MOLTO/Maltese RGL/maltese/SentenceMlt.gfo
- compiling /home/john/Documents/MOLTO/Maltese RGL/maltese/QuestionMlt.gf... checking module QuestionMlt
   Warning: no linearization of AddAdvQVP
   Warning: no linearization of AdvIAdv
   Warning: no linearization of AdvIP
   Warning: no linearization of AdvQVP
   Warning: no linearization of CompIAdv
   Warning: no linearization of CompIP
   Warning: no linearization of ComplSlashIP
   Warning: no linearization of IdetCN
   Warning: no linearization of IdetIP
   Warning: no linearization of IdetQuant
   Warning: no linearization of PrepIP
   Warning: no linearization type for QVP, inserting default {s : Str}
   Warning: no linearization of QuestCl
   Warning: no linearization of QuestIAdv
   Warning: no linearization of QuestIComp
   Warning: no linearization of QuestQVP
   Warning: no linearization of QuestSlash
   Warning: no linearization of QuestVP
  wrote file /home/john/Documents/MOLTO/Maltese RGL/maltese/QuestionMlt.gfo
- compiling /home/john/Documents/MOLTO/Maltese RGL/maltese/RelativeMlt.gf... checking module RelativeMlt
   Warning: no linearization of FunRP
   Warning: no linearization of IdRP
   Warning: no linearization of RelCl
   Warning: no linearization of RelSlash
   Warning: no linearization of RelVP
  wrote file /home/john/Documents/MOLTO/Maltese RGL/maltese/RelativeMlt.gfo
+ reading /home/john/Documents/MOLTO/GF (Darcs Repository)/lib/src/prelude/Coordination.gfo
- compiling /home/john/Documents/MOLTO/Maltese RGL/maltese/ConjunctionMlt.gf... checking module ConjunctionMlt
   Warning: no linearization of BaseAP
   Warning: no linearization of BaseAdv
   Warning: no linearization of BaseCN
   Warning: no linearization of BaseIAdv
   Warning: no linearization of BaseNP
   Warning: no linearization of BaseRS
   Warning: no linearization of BaseS
   Warning: no linearization of ConjAP
   Warning: no linearization of ConjAdv
   Warning: no linearization of ConjCN
   Warning: no linearization of ConjIAdv
   Warning: no linearization of ConjNP
   Warning: no linearization of ConjRS
   Warning: no linearization of ConjS
   Warning: no linearization of ConsAP
   Warning: no linearization of ConsAdv
   Warning: no linearization of ConsCN
   Warning: no linearization of ConsIAdv
   Warning: no linearization of ConsNP
   Warning: no linearization of ConsRS
   Warning: no linearization of ConsS
   Warning: no linearization type for ListAP, inserting default {s : Str}
   Warning: no linearization type for ListAdv, inserting default {s : Str}
   Warning: no linearization type for ListCN, inserting default {s : Str}
   Warning: no linearization type for ListIAdv, inserting default {s : Str}
   Warning: no linearization type for ListNP, inserting default {s : Str}
   Warning: no linearization type for ListRS, inserting default {s : Str}
   Warning: no linearization type for ListS, inserting default {s : Str}
  wrote file /home/john/Documents/MOLTO/Maltese RGL/maltese/ConjunctionMlt.gfo
- compiling /home/john/Documents/MOLTO/Maltese RGL/maltese/PhraseMlt.gf... checking module PhraseMlt
   Warning: no linearization of NoPConj
   Warning: no linearization of NoVoc
   Warning: no linearization of PConjConj
   Warning: no linearization of PhrUtt
   Warning: no linearization of UttAP
   Warning: no linearization of UttAdv
   Warning: no linearization of UttCN
   Warning: no linearization of UttCard
   Warning: no linearization of UttIAdv
   Warning: no linearization of UttIP
   Warning: no linearization of UttImpPl
   Warning: no linearization of UttImpPol
   Warning: no linearization of UttImpSg
   Warning: no linearization of UttInterj
   Warning: no linearization of UttNP
   Warning: no linearization of UttQS
   Warning: no linearization of UttS
   Warning: no linearization of UttVP
   Warning: no linearization of VocNP
  wrote file /home/john/Documents/MOLTO/Maltese RGL/maltese/PhraseMlt.gfo
+ reading /home/john/Documents/MOLTO/GF (Darcs Repository)/lib/src/common/TextX.gfo
- compiling /home/john/Documents/MOLTO/Maltese RGL/maltese/MorphoMlt.gf...   wrote file /home/john/Documents/MOLTO/Maltese RGL/maltese/MorphoMlt.gfo
+ reading /home/john/Documents/MOLTO/Maltese RGL/maltese/OrthoMlt.gfo
- compiling /home/john/Documents/MOLTO/Maltese RGL/maltese/ParadigmsMlt.gf...   wrote file /home/john/Documents/MOLTO/Maltese RGL/maltese/ParadigmsMlt.gfo
- compiling /home/john/Documents/MOLTO/Maltese RGL/maltese/StructuralMlt.gf... checking module StructuralMlt
   Warning: no linearization of above_Prep
   Warning: no linearization of after_Prep
   Warning: no linearization of all_Predet
   Warning: no linearization of almost_AdA
   Warning: no linearization of almost_AdN
   Warning: no linearization of although_Subj
   Warning: no linearization of always_AdV
   Warning: no linearization of and_Conj
   Warning: no linearization of as_CAdv
   Warning: no linearization of at_least_AdN
   Warning: no linearization of at_most_AdN
   Warning: no linearization of because_Subj
   Warning: no linearization of before_Prep
   Warning: no linearization of behind_Prep
   Warning: no linearization of between_Prep
   Warning: no linearization of both7and_DConj
   Warning: no linearization of but_PConj
   Warning: no linearization of by8agent_Prep
   Warning: no linearization of by8means_Prep
   Warning: no linearization of can8know_VV
   Warning: no linearization of can_VV
   Warning: no linearization of during_Prep
   Warning: no linearization of either7or_DConj
   Warning: no linearization of every_Det
   Warning: no linearization of everybody_NP
   Warning: no linearization of everything_NP
   Warning: no linearization of everywhere_Adv
   Warning: no linearization of except_Prep
   Warning: no linearization of few_Det
   Warning: no linearization of for_Prep
   Warning: no linearization of from_Prep
   Warning: no linearization of have_V2
   Warning: no linearization of he_Pron
   Warning: no linearization of here7from_Adv
   Warning: no linearization of here7to_Adv
   Warning: no linearization of here_Adv
   Warning: no linearization of how8many_IDet
   Warning: no linearization of how8much_IAdv
   Warning: no linearization of how_IAdv
   Warning: no linearization of i_Pron
   Warning: no linearization of if_Subj
   Warning: no linearization of if_then_Conj
   Warning: no linearization of in8front_Prep
   Warning: no linearization of in_Prep
   Warning: no linearization of it_Pron
   Warning: no linearization of language_title_Utt
   Warning: no linearization of less_CAdv
   Warning: no linearization of many_Det
   Warning: no linearization of more_CAdv
   Warning: no linearization of most_Predet
   Warning: no linearization of much_Det
   Warning: no linearization of must_VV
   Warning: no linearization of no_Quant
   Warning: no linearization of no_Utt
   Warning: no linearization of nobody_NP
   Warning: no linearization of not_Predet
   Warning: no linearization of nothing_NP
   Warning: no linearization of on_Prep
   Warning: no linearization of only_Predet
   Warning: no linearization of or_Conj
   Warning: no linearization of otherwise_PConj
   Warning: no linearization of part_Prep
   Warning: no linearization of please_Voc
   Warning: no linearization of possess_Prep
   Warning: no linearization of quite_Adv
   Warning: no linearization of she_Pron
   Warning: no linearization of so_AdA
   Warning: no linearization of somePl_Det
   Warning: no linearization of someSg_Det
   Warning: no linearization of somebody_NP
   Warning: no linearization of something_NP
   Warning: no linearization of somewhere_Adv
   Warning: no linearization of that_Quant
   Warning: no linearization of that_Subj
   Warning: no linearization of there7from_Adv
   Warning: no linearization of there7to_Adv
   Warning: no linearization of there_Adv
   Warning: no linearization of therefore_PConj
   Warning: no linearization of they_Pron
   Warning: no linearization of this_Quant
   Warning: no linearization of through_Prep
   Warning: no linearization of to_Prep
   Warning: no linearization of too_AdA
   Warning: no linearization of under_Prep
   Warning: no linearization of very_AdA
   Warning: no linearization of want_VV
   Warning: no linearization of we_Pron
   Warning: no linearization of whatPl_IP
   Warning: no linearization of whatSg_IP
   Warning: no linearization of when_IAdv
   Warning: no linearization of when_Subj
   Warning: no linearization of where_IAdv
   Warning: no linearization of which_IQuant
   Warning: no linearization of whoPl_IP
   Warning: no linearization of whoSg_IP
   Warning: no linearization of why_IAdv
   Warning: no linearization of with_Prep
   Warning: no linearization of without_Prep
   Warning: no linearization of yes_Utt
   Warning: no linearization of youPl_Pron
   Warning: no linearization of youPol_Pron
   Warning: no linearization of youSg_Pron
  wrote file /home/john/Documents/MOLTO/Maltese RGL/maltese/StructuralMlt.gfo
- compiling /home/john/Documents/MOLTO/Maltese RGL/maltese/IdiomMlt.gf... checking module IdiomMlt
   Warning: no linearization of CleftAdv
   Warning: no linearization of CleftNP
   Warning: no linearization of ExistIP
   Warning: no linearization of ExistNP
   Warning: no linearization of GenericCl
   Warning: no linearization of ImpP3
   Warning: no linearization of ImpPl1
   Warning: no linearization of ImpersCl
   Warning: no linearization of ProgrVP
  wrote file /home/john/Documents/MOLTO/Maltese RGL/maltese/IdiomMlt.gfo
- compiling /home/john/Documents/MOLTO/Maltese RGL/maltese/GrammarMlt.gf...   wrote file /home/john/Documents/MOLTO/Maltese RGL/maltese/GrammarMlt.gfo
- compiling /home/john/Documents/MOLTO/Maltese RGL/maltese/IrregMlt.gf...   wrote file /home/john/Documents/MOLTO/Maltese RGL/maltese/IrregMlt.gfo
- compiling /home/john/Documents/MOLTO/Maltese RGL/maltese/LexiconMlt.gf... checking module LexiconMlt
   Warning: function bench_N is not in abstract
   Warning: no linearization of add_V3
   Warning: no linearization of alas_Interj
   Warning: no linearization of already_Adv
   Warning: no linearization of answer_V2S
   Warning: no linearization of ashes_N
   Warning: no linearization of ask_V2Q
   Warning: no linearization of bad_A
   Warning: no linearization of beautiful_A
   Warning: no linearization of become_VA
   Warning: no linearization of beg_V2V
   Warning: no linearization of big_A
   Warning: no linearization of bite_V2
   Warning: no linearization of black_A
   Warning: no linearization of blow_V
   Warning: no linearization of blue_A
   Warning: no linearization of break_V2
   Warning: no linearization of breathe_V
   Warning: no linearization of broad_A
   Warning: no linearization of brown_A
   Warning: no linearization of burn_V
   Warning: no linearization of buy_V2
   Warning: no linearization of child_N
   Warning: no linearization of clean_A
   Warning: no linearization of clever_A
   Warning: no linearization of close_V2
   Warning: no linearization of cold_A
   Warning: no linearization of come_V
   Warning: no linearization of correct_A
   Warning: no linearization of count_V2
   Warning: no linearization of cut_V2
   Warning: no linearization of dig_V
   Warning: no linearization of dirty_A
   Warning: no linearization of do_V2
   Warning: no linearization of drink_V2
   Warning: no linearization of dry_A
   Warning: no linearization of dull_A
   Warning: no linearization of easy_A2V
   Warning: no linearization of eat_V2
   Warning: no linearization of empty_A
   Warning: no linearization of fall_V
   Warning: no linearization of far_Adv
   Warning: no linearization of fear_V2
   Warning: no linearization of fear_VS
   Warning: no linearization of fight_V2
   Warning: no linearization of find_V2
   Warning: no linearization of float_V
   Warning: no linearization of floor_N
   Warning: no linearization of flow_V
   Warning: no linearization of fly_V
   Warning: no linearization of forget_V2
   Warning: no linearization of freeze_V
   Warning: no linearization of full_A
   Warning: no linearization of fun_AV
   Warning: no linearization of give_V3
   Warning: no linearization of go_V
   Warning: no linearization of good_A
   Warning: no linearization of green_A
   Warning: no linearization of hate_V2
   Warning: no linearization of hear_V2
   Warning: no linearization of heavy_A
   Warning: no linearization of hit_V2
   Warning: no linearization of hold_V2
   Warning: no linearization of hope_VS
   Warning: no linearization of hot_A
   Warning: no linearization of hunt_V2
   Warning: no linearization of important_A
   Warning: no linearization of john_PN
   Warning: no linearization of jump_V
   Warning: no linearization of kill_V2
   Warning: no linearization of know_V2
   Warning: no linearization of know_VQ
   Warning: no linearization of know_VS
   Warning: no linearization of laugh_V
   Warning: no linearization of learn_V2
   Warning: no linearization of leave_V2
   Warning: no linearization of left_Ord
   Warning: no linearization of lie_V
   Warning: no linearization of like_V2
   Warning: no linearization of listen_V2
   Warning: no linearization of live_V
   Warning: no linearization of long_A
   Warning: no linearization of lose_V2
   Warning: no linearization of love_V2
   Warning: no linearization of married_A2
   Warning: no linearization of narrow_A
   Warning: no linearization of near_A
   Warning: no linearization of new_A
   Warning: no linearization of now_Adv
   Warning: no linearization of old_A
   Warning: no linearization of open_V2
   Warning: no linearization of paint_V2A
   Warning: no linearization of paris_PN
   Warning: no linearization of play_V
   Warning: no linearization of play_V2
   Warning: no linearization of probable_AS
   Warning: no linearization of pull_V2
   Warning: no linearization of push_V2
   Warning: no linearization of put_V2
   Warning: no linearization of rain_V0
   Warning: no linearization of read_V2
   Warning: no linearization of ready_A
   Warning: no linearization of red_A
   Warning: no linearization of right_Ord
   Warning: no linearization of rotten_A
   Warning: no linearization of round_A
   Warning: no linearization of rub_V2
   Warning: no linearization of run_V
   Warning: no linearization of say_VS
   Warning: no linearization of scratch_V2
   Warning: no linearization of see_V2
   Warning: no linearization of seek_V2
   Warning: no linearization of sell_V3
   Warning: no linearization of send_V3
   Warning: no linearization of sew_V
   Warning: no linearization of sharp_A
   Warning: no linearization of short_A
   Warning: no linearization of sing_V
   Warning: no linearization of sit_V
   Warning: no linearization of sleep_V
   Warning: no linearization of small_A
   Warning: no linearization of smell_V
   Warning: no linearization of smooth_A
   Warning: no linearization of speak_V2
   Warning: no linearization of spit_V
   Warning: no linearization of split_V2
   Warning: no linearization of squeeze_V2
   Warning: no linearization of stab_V2
   Warning: no linearization of stand_V
   Warning: no linearization of stop_V
   Warning: no linearization of straight_A
   Warning: no linearization of stupid_A
   Warning: no linearization of suck_V2
   Warning: no linearization of swell_V
   Warning: no linearization of swim_V
   Warning: no linearization of switch8off_V2
   Warning: no linearization of switch8on_V2
   Warning: no linearization of talk_V3
   Warning: no linearization of teach_V2
   Warning: no linearization of thick_A
   Warning: no linearization of thin_A
   Warning: no linearization of think_V
   Warning: no linearization of throw_V2
   Warning: no linearization of tie_V2
   Warning: no linearization of today_Adv
   Warning: no linearization of travel_V
   Warning: no linearization of turn_V
   Warning: no linearization of ugly_A
   Warning: no linearization of uncertain_A
   Warning: no linearization of understand_V2
   Warning: no linearization of vomit_V
   Warning: no linearization of wait_V2
   Warning: no linearization of walk_V
   Warning: no linearization of warm_A
   Warning: no linearization of wash_V2
   Warning: no linearization of watch_V2
   Warning: no linearization of wet_A
   Warning: no linearization of white_A
   Warning: no linearization of wide_A
   Warning: no linearization of win_V2
   Warning: no linearization of wipe_V2
   Warning: no linearization of wonder_VQ
   Warning: no linearization of write_V2
   Warning: no linearization of yellow_A
   Warning: no linearization of young_A
  wrote file /home/john/Documents/MOLTO/Maltese RGL/maltese/LexiconMlt.gfo
- compiling /home/john/Documents/MOLTO/Maltese RGL/maltese/LangMlt.gf...   wrote file /home/john/Documents/MOLTO/Maltese RGL/maltese/LangMlt.gfo
- compiling /home/john/Documents/MOLTO/Maltese RGL/maltese/ExtraMlt.gf...   wrote file /home/john/Documents/MOLTO/Maltese RGL/maltese/ExtraMlt.gfo
- compiling /home/john/Documents/MOLTO/Maltese RGL/maltese/AllMlt.gf...   wrote file /home/john/Documents/MOLTO/Maltese RGL/maltese/AllMlt.gfo
6024 msec
> 8 msec
> s . NCard => NumNominative => elf
s . NCard => NumAdjectival => elf
s . NOrd => NumNominative => l- elf
s . NOrd => NumAdjectival => l- elf
n . NumPl
8 msec
> s . NCard => NumNominative => elfejn
s . NCard => NumAdjectival => elfejn
s . NOrd => NumNominative => l- elfejn
s . NOrd => NumAdjectival => l- elfejn
n . NumPl
8 msec
> s . NCard => NumNominative => tlitt elef
s . NCard => NumAdjectival => tlitt elef
s . NOrd => NumNominative => it- tlitt elef
s . NOrd => NumAdjectival => it- tlitt elef
n . NumPl
8 msec
> s . NCard => NumNominative => disat elef
s . NCard => NumAdjectival => disat elef
s . NOrd => NumNominative => id- disat elef
s . NOrd => NumAdjectival => id- disat elef
n . NumPl
8 msec
> s . NCard => NumNominative => għaxar elf
s . NCard => NumAdjectival => għaxar elf
s . NOrd => NumNominative => l- għaxar elf
s . NOrd => NumAdjectival => l- għaxar elf
n . NumPl
4 msec
> s . NCard => NumNominative => ħdax-il elf
s . NCard => NumAdjectival => ħdax-il elf
s . NOrd => NumNominative => il- ħdax-il elf
s . NOrd => NumAdjectival => il- ħdax-il elf
n . NumPl
8 msec
> s . NCard => NumNominative => tnax elf
s . NCard => NumAdjectival => tnax elf
s . NOrd => NumNominative => it- tnax elf
s . NOrd => NumAdjectival => it- tnax elf
n . NumPl
8 msec
> s . NCard => NumNominative => tlettax elf
s . NCard => NumAdjectival => tlettax elf
s . NOrd => NumNominative => it- tlettax elf
s . NOrd => NumAdjectival => it- tlettax elf
n . NumPl
8 msec
> s . NCard => NumNominative => dsatax elf
s . NCard => NumAdjectival => dsatax elf
s . NOrd => NumNominative => id- dsatax elf
s . NOrd => NumAdjectival => id- dsatax elf
n . NumPl
4 msec
> s . NCard => NumNominative => għoxrin elf
s . NCard => NumAdjectival => għoxrin elf
s . NOrd => NumNominative => l- għoxrin elf
s . NOrd => NumAdjectival => l- għoxrin elf
n . NumPl
8 msec
> s . NCard => NumNominative => wieħed u għoxrin elf
s . NCard => NumAdjectival => wieħed u għoxrin elf
s . NOrd => NumNominative => il- wieħed u għoxrin elf
s . NOrd => NumAdjectival => il- wieħed u għoxrin elf
n . NumPl
8 msec
> s . NCard => NumNominative => tnejn u għoxrin elf
s . NCard => NumAdjectival => tnejn u għoxrin elf
s . NOrd => NumNominative => it- tnejn u għoxrin elf
s . NOrd => NumAdjectival => it- tnejn u għoxrin elf
n . NumPl
12 msec
> s . NCard => NumNominative => tletin elf
s . NCard => NumAdjectival => tletin elf
s . NOrd => NumNominative => it- tletin elf
s . NOrd => NumAdjectival => it- tletin elf
n . NumPl
4 msec
> s . NCard => NumNominative => wieħed u tletin elf
s . NCard => NumAdjectival => wieħed u tletin elf
s . NOrd => NumNominative => il- wieħed u tletin elf
s . NOrd => NumAdjectival => il- wieħed u tletin elf
n . NumPl
8 msec
> s . NCard => NumNominative => tnejn u tletin elf
s . NCard => NumAdjectival => tnejn u tletin elf
s . NOrd => NumNominative => it- tnejn u tletin elf
s . NOrd => NumAdjectival => it- tnejn u tletin elf
n . NumPl
8 msec
> s . NCard => NumNominative => disgħa u disgħin elf
s . NCard => NumAdjectival => disgħa u disgħin elf
s . NOrd => NumNominative => id- disgħa u disgħin elf
s . NOrd => NumAdjectival => id- disgħa u disgħin elf
n . NumPl
12 msec
> s . NCard => NumNominative => mitt elf
s . NCard => NumAdjectival => mitt elf
s . NOrd => NumNominative => il- mitt elf
s . NOrd => NumAdjectival => il- mitt elf
n . NumPl
4 msec
> s . NCard => NumNominative => mija u wieħed elf
s . NCard => NumAdjectival => mija u wieħed elf
s . NOrd => NumNominative => il- mija u wieħed elf
s . NOrd => NumAdjectival => il- mija u wieħed elf
n . NumPl
8 msec
> s . NCard => NumNominative => mija u sitta elf
s . NCard => NumAdjectival => mija u sitta elf
s . NOrd => NumNominative => il- mija u sitta elf
s . NOrd => NumAdjectival => il- mija u sitta elf
n . NumPl
8 msec
> s . NCard => NumNominative => mija u għaxra elf
s . NCard => NumAdjectival => mija u għaxra elf
s . NOrd => NumNominative => il- mija u għaxra elf
s . NOrd => NumAdjectival => il- mija u għaxra elf
n . NumPl
8 msec
> s . NCard => NumNominative => mija u ħdax elf
s . NCard => NumAdjectival => mija u ħdax elf
s . NOrd => NumNominative => il- mija u ħdax elf
s . NOrd => NumAdjectival => il- mija u ħdax elf
n . NumPl
8 msec
> s . NCard => NumNominative => mija u tletin elf
s . NCard => NumAdjectival => mija u tletin elf
s . NOrd => NumNominative => il- mija u tletin elf
s . NOrd => NumAdjectival => il- mija u tletin elf
n . NumPl
8 msec
> s . NCard => NumNominative => mija u wieħed u erbgħin elf
s . NCard => NumAdjectival => mija u wieħed u erbgħin elf
s . NOrd => NumNominative => il- mija u wieħed u erbgħin elf
s . NOrd => NumAdjectival => il- mija u wieħed u erbgħin elf
n . NumPl
8 msec
> s . NCard => NumNominative => mija u sitt elf
s . NCard => NumAdjectival => mija u sitt elf
s . NOrd => NumNominative => il- mija u sitt elf
s . NOrd => NumAdjectival => il- mija u sitt elf
n . NumPl
12 msec
> s . NCard => NumNominative => mitejn elf
s . NCard => NumAdjectival => mitejn elf
s . NOrd => NumNominative => il- mitejn elf
s . NOrd => NumAdjectival => il- mitejn elf
n . NumPl
8 msec
> s . NCard => NumNominative => erba' mija u sittax elf
s . NCard => NumAdjectival => erba' mija u sittax elf
s . NOrd => NumNominative => l- erba' mija u sittax elf
s . NOrd => NumAdjectival => l- erba' mija u sittax elf
n . NumPl
8 msec
> 4 msec
> 4 msec
> 0 msec
> s . NCard => NumNominative => wieħed
s . NCard => NumAdjectival => []
s . NOrd => NumNominative => il- ħdax
s . NOrd => NumAdjectival => il- ħdax
n . NumSg
8 msec
> s . NCard => NumNominative => tnejn
s . NCard => NumAdjectival => żewġ
s . NOrd => NumNominative => it- tieni
s . NOrd => NumAdjectival => it- tieni
n . NumDual
4 msec
> s . NCard => NumNominative => tlieta
s . NCard => NumAdjectival => tliet
s . NOrd => NumNominative => it- tielet
s . NOrd => NumAdjectival => it- tielet
n . NumPl
4 msec
> s . NCard => NumNominative => erbgħa
s . NCard => NumAdjectival => erba'
s . NOrd => NumNominative => ir- raba'
s . NOrd => NumAdjectival => ir- raba'
n . NumPl
8 msec
> s . NCard => NumNominative => ħamsa
s . NCard => NumAdjectival => ħames
s . NOrd => NumNominative => il- ħames
s . NOrd => NumAdjectival => il- ħames
n . NumPl
4 msec
> s . NCard => NumNominative => sitta
s . NCard => NumAdjectival => sitt
s . NOrd => NumNominative => is- sitt
s . NOrd => NumAdjectival => is- sitt
n . NumPl
8 msec
> s . NCard => NumNominative => sebgħa
s . NCard => NumAdjectival => seba'
s . NOrd => NumNominative => is- seba'
s . NOrd => NumAdjectival => is- seba'
n . NumPl
4 msec
> s . NCard => NumNominative => tmienja
s . NCard => NumAdjectival => tmin
s . NOrd => NumNominative => it- tmin
s . NOrd => NumAdjectival => it- tmin
n . NumPl
8 msec
> s . NCard => NumNominative => disgħa
s . NCard => NumAdjectival => disa'
s . NOrd => NumNominative => id- disa'
s . NOrd => NumAdjectival => id- disa'
n . NumPl
4 msec
> s . NCard => NumNominative => għaxra
s . NCard => NumAdjectival => għaxar
s . NOrd => NumNominative => l-għaxar
s . NOrd => NumAdjectival => l-għaxar
n . NumPl
4 msec
> s . NCard => NumNominative => ħdax
s . NCard => NumAdjectival => ħdax-il
s . NOrd => NumNominative => il-ħdax-il
s . NOrd => NumAdjectival => il-ħdax-il
n . NumPl
8 msec
> s . NCard => NumNominative => tlettax
s . NCard => NumAdjectival => tlettax-il
s . NOrd => NumNominative => it- tlettax-il
s . NOrd => NumAdjectival => it- tlettax-il
n . NumPl
4 msec
> s . NCard => NumNominative => erbatax
s . NCard => NumAdjectival => erbatax-il
s . NOrd => NumNominative => l- erbatax-il
s . NOrd => NumAdjectival => l- erbatax-il
n . NumPl
4 msec
> s . NCard => NumNominative => sebgħin
s . NCard => NumAdjectival => sebgħin
s . NOrd => NumNominative => is- sebgħin
s . NOrd => NumAdjectival => is- sebgħin
n . NumPl
8 msec
> s . NCard => NumNominative => mija
s . NCard => NumAdjectival => mitt
s . NOrd => NumNominative => mitt
s . NOrd => NumAdjectival => mitt
n . NumPl
4 msec
> s . NCard => NumNominative => mija u tnax
s . NCard => NumAdjectival => mitt u tnax-il
s . NOrd => NumNominative => mitt u tnax
s . NOrd => NumAdjectival => mitt u tnax-il
n . NumPl
8 msec
> s . NCard => NumNominative => mija u erbatax
s . NCard => NumAdjectival => mitt u erbatax-il
s . NOrd => NumNominative => mitt u erbatax
s . NOrd => NumAdjectival => mitt u erbatax-il
n . NumPl
0 msec
> s . NCard => NumNominative => erba' mija
s . NCard => NumAdjectival => erba' mitt
s . NOrd => NumNominative => l- erba' mitt
s . NOrd => NumAdjectival => l- erba' mitt
n . NumPl
4 msec
> s . NCard => NumNominative => erba' mija u għaxra
s . NCard => NumAdjectival => erba' mitt u għaxar
s . NOrd => NumNominative => l- erba' mitt u għaxra
s . NOrd => NumAdjectival => l- erba' mitt u għaxar
n . NumPl
8 msec
> s . NCard => NumNominative => ħames mija u wieħed
s . NCard => NumAdjectival => ħames mitt u
s . NOrd => NumNominative => il- ħames mitt u wieħed
s . NOrd => NumAdjectival => il- ħames mitt u
n . NumPl
8 msec
> s . NCard => NumNominative => sitt mija
s . NCard => NumAdjectival => sitt mitt
s . NOrd => NumNominative => is- sitt mitt
s . NOrd => NumAdjectival => is- sitt mitt
n . NumPl
8 msec
> s . NCard => NumNominative => tmien mija
s . NCard => NumAdjectival => tmien mitt
s . NOrd => NumNominative => it- tmien mitt
s . NOrd => NumAdjectival => it- tmien mitt
n . NumPl
8 msec
> s . NCard => NumNominative => disa' mija u ħdax
s . NCard => NumAdjectival => disa' mitt u ħdax-il
s . NOrd => NumNominative => id- disa' mitt u ħdax
s . NOrd => NumAdjectival => id- disa' mitt u ħdax-il
n . NumPl
4 msec
> s . NCard => NumNominative => elf
s . NCard => NumAdjectival => elf
s . NOrd => NumNominative => l- elf
s . NOrd => NumAdjectival => l- elf
n . NumPl
8 msec
> s . NCard => NumNominative => ħdax-il elf
s . NCard => NumAdjectival => ħdax-il elf
s . NOrd => NumNominative => il- ħdax-il elf
s . NOrd => NumAdjectival => il- ħdax-il elf
n . NumPl
4 msec
> s . NCard => NumNominative => ħdax-il elf u tnax
s . NCard => NumAdjectival => ħdax-il elf u tnax
s . NOrd => NumNominative => il- ħdax-il elf u tnax
s . NOrd => NumAdjectival => il- ħdax-il elf u tnax
n . NumPl
8 msec
> s . NCard => NumNominative => erbgħin elf
s . NCard => NumAdjectival => erbgħin elf
s . NOrd => NumNominative => l- erbgħin elf
s . NOrd => NumAdjectival => l- erbgħin elf
n . NumPl
8 msec
> s . NCard => NumNominative => wieħed u disgħin elf u seba' mija
s . NCard => NumAdjectival => wieħed u disgħin elf u seba' mija
s . NOrd => NumNominative => il- wieħed u disgħin elf u seba' mija
s . NOrd => NumAdjectival => il- wieħed u disgħin elf u seba' mija
n . NumPl
12 msec
> s . NCard => NumNominative => mitt elf
s . NCard => NumAdjectival => mitt elf
s . NOrd => NumNominative => il- mitt elf
s . NOrd => NumAdjectival => il- mitt elf
n . NumPl
8 msec
> s . NCard => NumNominative => mija elf u mija
s . NCard => NumAdjectival => mija elf u mija
s . NOrd => NumNominative => il- mija elf u mija
s . NOrd => NumAdjectival => il- mija elf u mija
n . NumPl
8 msec
> parse error
0 msec
> s . NCard => NumNominative => mija u għaxra elf
s . NCard => NumAdjectival => mija u għaxra elf
s . NOrd => NumNominative => il- mija u għaxra elf
s . NOrd => NumAdjectival => il- mija u għaxra elf
n . NumPl
12 msec
> s . NCard => NumNominative => mija u ħdax elf
s . NCard => NumAdjectival => mija u ħdax elf
s . NOrd => NumNominative => il- mija u ħdax elf
s . NOrd => NumAdjectival => il- mija u ħdax elf
n . NumPl
8 msec
> s . NCard => NumNominative => mija u wieħed u għoxrin elf u mija
s . NCard => NumAdjectival => mija u wieħed u għoxrin elf u mija
s . NOrd => NumNominative => il- mija u wieħed u għoxrin elf u mija
s . NOrd => NumAdjectival => il- mija u wieħed u għoxrin elf u mija
n . NumPl
16 msec
> s . NCard => NumNominative => mija u tletin elf
s . NCard => NumAdjectival => mija u tletin elf
s . NOrd => NumNominative => il- mija u tletin elf
s . NOrd => NumAdjectival => il- mija u tletin elf
n . NumPl
8 msec
> s . NCard => NumNominative => mija u wieħed u erbgħin elf
s . NCard => NumAdjectival => mija u wieħed u erbgħin elf
s . NOrd => NumNominative => il- mija u wieħed u erbgħin elf
s . NOrd => NumAdjectival => il- mija u wieħed u erbgħin elf
n . NumPl
12 msec
> s . NCard => NumNominative => mija u sitt elf
s . NCard => NumAdjectival => mija u sitt elf
s . NOrd => NumNominative => il- mija u sitt elf
s . NOrd => NumAdjectival => il- mija u sitt elf
n . NumPl
8 msec
> s . NCard => NumNominative => mitejn elf
s . NCard => NumAdjectival => mitejn elf
s . NOrd => NumNominative => il- mitejn elf
s . NOrd => NumAdjectival => il- mitejn elf
n . NumPl
8 msec
> s . NCard => NumNominative => mitejn elf u erba' mija u għaxra
s . NCard => NumAdjectival => mitejn elf u erba' mija u għaxra
s . NOrd => NumNominative => il- mitejn elf u erba' mija u għaxra
s . NOrd => NumAdjectival => il- mitejn elf u erba' mija u għaxra
n . NumPl
8 msec
> s . NCard => NumNominative => sitt mija elf
s . NCard => NumAdjectival => sitt mija elf
s . NOrd => NumNominative => is- sitt mija elf
s . NOrd => NumAdjectival => is- sitt mija elf
n . NumPl
8 msec
> s . NCard => NumNominative => sitt mija u għaxra elf u għaxra
s . NCard => NumAdjectival => sitt mija u għaxra elf u għaxra
s . NOrd => NumNominative => is- sitt mija u għaxra elf u għaxra
s . NOrd => NumAdjectival => is- sitt mija u għaxra elf u għaxra
n . NumPl
12 msec
> s . NCard => NumNominative => seba' mija elf u sitt mija u għaxra
s . NCard => NumAdjectival => seba' mija elf u sitt mija u għaxra
s . NOrd => NumNominative => is- seba' mija elf u sitt mija u għaxra
s . NOrd => NumAdjectival => is- seba' mija elf u sitt mija u għaxra
n . NumPl
12 msec
> s . NCard => NumNominative => tmien mija u ħamsin elf u sbatax
s . NCard => NumAdjectival => tmien mija u ħamsin elf u sbatax
s . NOrd => NumNominative => it- tmien mija u ħamsin elf u sbatax
s . NOrd => NumAdjectival => it- tmien mija u ħamsin elf u sbatax
n . NumPl
16 msec
> s . NCard => NumNominative => disa' mija elf u mija u għaxra
s . NCard => NumAdjectival => disa' mija elf u mija u għaxra
s . NOrd => NumNominative => id- disa' mija elf u mija u għaxra
s . NOrd => NumAdjectival => id- disa' mija elf u mija u għaxra
n . NumPl
36 msec
> s . NCard => NumNominative => disa' mija elf u mitejn
s . NCard => NumAdjectival => disa' mija elf u mitejn
s . NOrd => NumNominative => id- disa' mija elf u mitejn
s . NOrd => NumAdjectival => id- disa' mija elf u mitejn
n . NumPl
16 msec
> See you.
