s NCard NumNominative : wieħed
s NCard NumAdjectival : wieħed
s NOrd NumNominative : l- &+ ewwel
s NOrd NumAdjectival : l- &+ ewwel


s NCard NumNominative : tnejn
s NCard NumAdjectival : żewġ
s NOrd NumNominative : it- &+ tieni
s NOrd NumAdjectival : it- &+ tieni


s NCard NumNominative : tlieta
s NCard NumAdjectival : tlett
s NOrd NumNominative : it- &+ tielet
s NOrd NumAdjectival : it- &+ tielet


s NCard NumNominative : erbgħa
s NCard NumAdjectival : erba'
s NOrd NumNominative : ir- &+ raba'
s NOrd NumAdjectival : ir- &+ raba'


s NCard NumNominative : ħamsa
s NCard NumAdjectival : ħames
s NOrd NumNominative : il- &+ ħames
s NOrd NumAdjectival : il- &+ ħames


s NCard NumNominative : sitta
s NCard NumAdjectival : sitt
s NOrd NumNominative : is- &+ sitt
s NOrd NumAdjectival : is- &+ sitt


s NCard NumNominative : sebgħa
s NCard NumAdjectival : seba'
s NOrd NumNominative : is- &+ seba'
s NOrd NumAdjectival : is- &+ seba'


s NCard NumNominative : tmienja
s NCard NumAdjectival : tmin
s NOrd NumNominative : it- &+ tmin
s NOrd NumAdjectival : it- &+ tmin


s NCard NumNominative : disgħa
s NCard NumAdjectival : disa'
s NOrd NumNominative : id- &+ disa'
s NOrd NumAdjectival : id- &+ disa'


s NCard NumNominative : għaxra
s NCard NumAdjectival : għaxar
s NOrd NumNominative : l- &+ għaxar
s NOrd NumAdjectival : l- &+ għaxar


s NCard NumNominative : ħdax
s NCard NumAdjectival : ħdax-il
s NOrd NumNominative : il- &+ ħdax
s NOrd NumAdjectival : il- &+ ħdax-il


s NCard NumNominative : tlettax
s NCard NumAdjectival : tlettax-il
s NOrd NumNominative : it- &+ tlettax
s NOrd NumAdjectival : it- &+ tlettax-il


s NCard NumNominative : erbatax
s NCard NumAdjectival : erbatax-il
s NOrd NumNominative : l- &+ erbatax
s NOrd NumAdjectival : l- &+ erbatax-il


s NCard NumNominative : sebgħin
s NCard NumAdjectival : sebgħin
s NOrd NumNominative : is- &+ sebgħin
s NOrd NumAdjectival : is- &+ sebgħin


s NCard NumNominative : mija
s NCard NumAdjectival : mitt
s NOrd NumNominative : il- &+ mija
s NOrd NumAdjectival : il- &+ mitt


s NCard NumNominative : mija u tnax
s NCard NumAdjectival : mija u tnax-il
s NOrd NumNominative : il- &+ mija u tnax
s NOrd NumAdjectival : il- &+ mija u tnax-il


s NCard NumNominative : mija u erbatax
s NCard NumAdjectival : mija u erbatax-il
s NOrd NumNominative : il- &+ mija u erbatax
s NOrd NumAdjectival : il- &+ mija u erbatax-il


s NCard NumNominative : erba' mija
s NCard NumAdjectival : erba' mitt
s NOrd NumNominative : l- &+ erba' mija
s NOrd NumAdjectival : l- &+ erba' mitt


s NCard NumNominative : erba' mija u għaxra
s NCard NumAdjectival : erba' mija u għaxar
s NOrd NumNominative : l- &+ erba' mija u għaxra
s NOrd NumAdjectival : l- &+ erba' mija u għaxar


s NCard NumNominative : ħames mija u wieħed
s NCard NumAdjectival : ħames mija u wieħed
s NOrd NumNominative : il- &+ ħames mija u wieħed
s NOrd NumAdjectival : il- &+ ħames mija u wieħed


s NCard NumNominative : sitt mija
s NCard NumAdjectival : sitt mitt
s NOrd NumNominative : is- &+ sitt mija
s NOrd NumAdjectival : is- &+ sitt mitt


s NCard NumNominative : tmin mija
s NCard NumAdjectival : tmin mitt
s NOrd NumNominative : it- &+ tmin mija
s NOrd NumAdjectival : it- &+ tmin mitt


s NCard NumNominative : disa' mija u ħdax
s NCard NumAdjectival : disa' mija u ħdax-il
s NOrd NumNominative : id- &+ disa' mija u ħdax
s NOrd NumAdjectival : id- &+ disa' mija u ħdax-il



88 msec
AllMltAbs> See you.
0 msec