s NCard NumNominative : elf
s NCard NumAdjectival : elf
s NOrd NumNominative : l- &+ elf
s NOrd NumAdjectival : l- &+ elf


s NCard NumNominative : elfejn
s NCard NumAdjectival : elfejn
s NOrd NumNominative : l- &+ elfejn
s NOrd NumAdjectival : l- &+ elfejn


s NCard NumNominative : tlett elef
s NCard NumAdjectival : tlett elef
s NOrd NumNominative : it- &+ tlett elef
s NOrd NumAdjectival : it- &+ tlett elef


s NCard NumNominative : disat elef
s NCard NumAdjectival : disat elef
s NOrd NumNominative : id- &+ disat elef
s NOrd NumAdjectival : id- &+ disat elef


s NCard NumNominative : għaxart elef
s NCard NumAdjectival : għaxart elef
s NOrd NumNominative : l- &+ għaxart elef
s NOrd NumAdjectival : l- &+ għaxart elef


s NCard NumNominative : ħdax-il elf
s NCard NumAdjectival : ħdax-il elf
s NOrd NumNominative : il- &+ ħdax-il elf
s NOrd NumAdjectival : il- &+ ħdax-il elf


s NCard NumNominative : tnax-il elf
s NCard NumAdjectival : tnax-il elf
s NOrd NumNominative : it- &+ tnax-il elf
s NOrd NumAdjectival : it- &+ tnax-il elf


s NCard NumNominative : tlettax-il elf
s NCard NumAdjectival : tlettax-il elf
s NOrd NumNominative : it- &+ tlettax-il elf
s NOrd NumAdjectival : it- &+ tlettax-il elf


s NCard NumNominative : dsatax-il elf
s NCard NumAdjectival : dsatax-il elf
s NOrd NumNominative : id- &+ dsatax-il elf
s NOrd NumAdjectival : id- &+ dsatax-il elf


s NCard NumNominative : għoxrin elf
s NCard NumAdjectival : għoxrin elf
s NOrd NumNominative : l- &+ għoxrin elf
s NOrd NumAdjectival : l- &+ għoxrin elf


s NCard NumNominative : wieħed u għoxrin elf
s NCard NumAdjectival : wieħed u għoxrin elf
s NOrd NumNominative : il- &+ wieħed u għoxrin elf
s NOrd NumAdjectival : il- &+ wieħed u għoxrin elf


s NCard NumNominative : tnejn u għoxrin elf
s NCard NumAdjectival : tnejn u għoxrin elf
s NOrd NumNominative : it- &+ tnejn u għoxrin elf
s NOrd NumAdjectival : it- &+ tnejn u għoxrin elf


s NCard NumNominative : tletin elf
s NCard NumAdjectival : tletin elf
s NOrd NumNominative : it- &+ tletin elf
s NOrd NumAdjectival : it- &+ tletin elf


s NCard NumNominative : wieħed u tletin elf
s NCard NumAdjectival : wieħed u tletin elf
s NOrd NumNominative : il- &+ wieħed u tletin elf
s NOrd NumAdjectival : il- &+ wieħed u tletin elf


s NCard NumNominative : tnejn u tletin elf
s NCard NumAdjectival : tnejn u tletin elf
s NOrd NumNominative : it- &+ tnejn u tletin elf
s NOrd NumAdjectival : it- &+ tnejn u tletin elf


s NCard NumNominative : disgħa u disgħin elf
s NCard NumAdjectival : disgħa u disgħin elf
s NOrd NumNominative : id- &+ disgħa u disgħin elf
s NOrd NumAdjectival : id- &+ disgħa u disgħin elf


s NCard NumNominative : mitt elf
s NCard NumAdjectival : mitt elf
s NOrd NumNominative : il- &+ mitt elf
s NOrd NumAdjectival : il- &+ mitt elf


s NCard NumNominative : mija u wieħed elf
s NCard NumAdjectival : mija u wieħed elf
s NOrd NumNominative : il- &+ mija u wieħed elf
s NOrd NumAdjectival : il- &+ mija u wieħed elf


s NCard NumNominative : mija u sitt elef
s NCard NumAdjectival : mija u sitt elef
s NOrd NumNominative : il- &+ mija u sitt elef
s NOrd NumAdjectival : il- &+ mija u sitt elef


s NCard NumNominative : mija u għaxart elef
s NCard NumAdjectival : mija u għaxart elef
s NOrd NumNominative : il- &+ mija u għaxart elef
s NOrd NumAdjectival : il- &+ mija u għaxart elef


s NCard NumNominative : mija u ħdax-il elf
s NCard NumAdjectival : mija u ħdax-il elf
s NOrd NumNominative : il- &+ mija u ħdax-il elf
s NOrd NumAdjectival : il- &+ mija u ħdax-il elf


s NCard NumNominative : mija u tletin elf
s NCard NumAdjectival : mija u tletin elf
s NOrd NumNominative : il- &+ mija u tletin elf
s NOrd NumAdjectival : il- &+ mija u tletin elf


s NCard NumNominative : mija u wieħed u erbgħin elf
s NCard NumAdjectival : mija u wieħed u erbgħin elf
s NOrd NumNominative : il- &+ mija u wieħed u erbgħin elf
s NOrd NumAdjectival : il- &+ mija u wieħed u erbgħin elf


s NCard NumNominative : mija u sittin elf
s NCard NumAdjectival : mija u sittin elf
s NOrd NumNominative : il- &+ mija u sittin elf
s NOrd NumAdjectival : il- &+ mija u sittin elf


s NCard NumNominative : mitejn elf
s NCard NumAdjectival : mitejn elf
s NOrd NumNominative : il- &+ mitejn elf
s NOrd NumAdjectival : il- &+ mitejn elf


s NCard NumNominative : erba' mija u sittax-il elf
s NCard NumAdjectival : erba' mija u sittax-il elf
s NOrd NumNominative : l- &+ erba' mija u sittax-il elf
s NOrd NumAdjectival : l- &+ erba' mija u sittax-il elf


s NCard NumNominative : ħdax-il elf u tnax
s NCard NumAdjectival : ħdax-il elf u tnax-il
s NOrd NumNominative : il- &+ ħdax-il elf u tnax
s NOrd NumAdjectival : il- &+ ħdax-il elf u tnax-il


s NCard NumNominative : erbgħin elf
s NCard NumAdjectival : erbgħin elf
s NOrd NumNominative : l- &+ erbgħin elf
s NOrd NumAdjectival : l- &+ erbgħin elf


s NCard NumNominative : wieħed u disgħin elf u seba' mija
s NCard NumAdjectival : wieħed u disgħin elf u seba' mitt
s NOrd NumNominative : il- &+ wieħed u disgħin elf u seba' mija
s NOrd NumAdjectival : il- &+ wieħed u disgħin elf u seba' mitt


s NCard NumNominative : mitt elf u mija
s NCard NumAdjectival : mitt elf u mitt
s NOrd NumNominative : il- &+ mitt elf u mija
s NOrd NumAdjectival : il- &+ mitt elf u mitt


s NCard NumNominative : mitt elf u wieħed u tletin
s NCard NumAdjectival : mitt elf u wieħed u tletin
s NOrd NumNominative : il- &+ mitt elf u wieħed u tletin
s NOrd NumAdjectival : il- &+ mitt elf u wieħed u tletin


s NCard NumNominative : mija u wieħed u għoxrin elf u mija
s NCard NumAdjectival : mija u wieħed u għoxrin elf u mitt
s NOrd NumNominative : il- &+ mija u wieħed u għoxrin elf u mija
s NOrd NumAdjectival : il- &+ mija u wieħed u għoxrin elf u mitt


s NCard NumNominative : mitejn elf u erba' mija u għaxra
s NCard NumAdjectival : mitejn elf u erba' mija u għaxar
s NOrd NumNominative : il- &+ mitejn elf u erba' mija u għaxra
s NOrd NumAdjectival : il- &+ mitejn elf u erba' mija u għaxar


s NCard NumNominative : sitt elf
s NCard NumAdjectival : sitt elf
s NOrd NumNominative : is- &+ sitt elf
s NOrd NumAdjectival : is- &+ sitt elf


s NCard NumNominative : sitt mija u għaxart elef u għaxra
s NCard NumAdjectival : sitt mija u għaxart elef u għaxar
s NOrd NumNominative : is- &+ sitt mija u għaxart elef u għaxra
s NOrd NumAdjectival : is- &+ sitt mija u għaxart elef u għaxar


s NCard NumNominative : sebat elf u sitt mija u għaxra
s NCard NumAdjectival : sebat elf u sitt mija u għaxar
s NOrd NumNominative : is- &+ sebat elf u sitt mija u għaxra
s NOrd NumAdjectival : is- &+ sebat elf u sitt mija u għaxar


s NCard NumNominative : tmin mija u ħamsin elf u sbatax
s NCard NumAdjectival : tmin mija u ħamsin elf u sbatax-il
s NOrd NumNominative : it- &+ tmin mija u ħamsin elf u sbatax
s NOrd NumAdjectival : it- &+ tmin mija u ħamsin elf u sbatax-il


s NCard NumNominative : disat elf u mija u għaxra
s NCard NumAdjectival : disat elf u mija u għaxar
s NOrd NumNominative : id- &+ disat elf u mija u għaxra
s NOrd NumAdjectival : id- &+ disat elf u mija u għaxar


s NCard NumNominative : disat elf u mitejn
s NCard NumAdjectival : disat elf u mitejn
s NOrd NumNominative : id- &+ disat elf u mitejn
s NOrd NumAdjectival : id- &+ disat elf u mitejn



80 msec
AllMltAbs> See you.
0 msec